
Welcome to Gradle 8.14!

Here are the highlights of this release:
 - Java 24 support
 - GraalVM Native Image toolchain selection
 - Enhancements to test reporting
 - Build Authoring improvements

For more details see https://docs.gradle.org/8.14/release-notes.html

To honour the JVM settings for this build a single-use Daemon process will be forked. For more on this, please refer to https://docs.gradle.org/8.14/userguide/gradle_daemon.html#sec:disabling_the_daemon in the Gradle documentation.
Daemon will be stopped at the end of the build 
Invalid Java installation found at 'C:\Users\crist\.jdks\corretto-21.0.4' (IntelliJ) auto-detected. It will be re-checked in the next build. This might have performance impact if it keeps failing. Run the 'javaToolchains' task for more details.
> Task :services:circleguard-auth-service:checkKotlinGradlePluginConfigurationErrors
> Task :services:circleguard-auth-service:compileKotlin NO-SOURCE
> Task :services:circleguard-auth-service:compileJava UP-TO-DATE
> Task :services:circleguard-auth-service:processResources UP-TO-DATE
> Task :services:circleguard-auth-service:classes UP-TO-DATE
> Task :services:circleguard-auth-service:compileTestKotlin NO-SOURCE
> Task :services:circleguard-auth-service:compileTestJava
> Task :services:circleguard-auth-service:processTestResources
> Task :services:circleguard-auth-service:testClasses
.\gradlew.bat : OpenJDK 64-Bit Server VM warning: Sharing is only supported for boot loader classes because bootstrap 
classpath has been appended
En línea: 1 Carácter: 180
+ ... rd-public"; .\gradlew.bat :services:circleguard-auth-service:test :se ...
+                 ~~~~~~~~~~~~~~~~~~~~~~~~~~~~~~~~~~~~~~~~~~~~~~~~~~~~~~~~~
    + CategoryInfo          : NotSpecified: (OpenJDK 64-Bit ...s been appended:String) [], RemoteException
    + FullyQualifiedErrorId : NativeCommandError
 
2026-05-11T17:34:53.596-05:00  INFO 28880 --- [ionShutdownHook] j.LocalContainerEntityManagerFactoryBean : Closing JPA EntityManagerFactory for persistence unit 'default'
2026-05-11T17:34:53.607-05:00  INFO 28880 --- [ionShutdownHook] com.zaxxer.hikari.HikariDataSource       : HikariPool-1 - Shutdown initiated...
2026-05-11T17:34:53.608-05:00  INFO 28880 --- [ionShutdownHook] com.zaxxer.hikari.HikariDataSource       : HikariPool-1 - Shutdown completed.
> Task :services:circleguard-auth-service:test
> Task :services:circleguard-identity-service:checkKotlinGradlePluginConfigurationErrors
> Task :services:circleguard-identity-service:compileKotlin NO-SOURCE
> Task :services:circleguard-identity-service:compileJava UP-TO-DATE
> Task :services:circleguard-identity-service:processResources UP-TO-DATE
> Task :services:circleguard-identity-service:classes UP-TO-DATE
> Task :services:circleguard-identity-service:compileTestKotlin NO-SOURCE
> Task :services:circleguard-identity-service:compileTestJava
> Task :services:circleguard-identity-service:processTestResources
> Task :services:circleguard-identity-service:testClasses
OpenJDK 64-Bit Server VM warning: Sharing is only supported for boot loader classes because bootstrap classpath has 
been appended
> Task :services:circleguard-identity-service:test

2026-05-11T17:36:15.624-05:00  INFO 37596 --- [ionShutdownHook] j.LocalContainerEntityManagerFactoryBean : Closing JPA EntityManagerFactory for persistence unit 'default'
2026-05-11T17:36:15.634-05:00  WARN 37596 --- [ionShutdownHook] com.zaxxer.hikari.pool.PoolBase          : HikariPool-1 - Failed to validate connection org.postgresql.jdbc.PgConnection@130a99fe (This connection has been closed.). Possibly consider using a shorter maxLifetime value.
2026-05-11T17:36:15.637-05:00  WARN 37596 --- [ionShutdownHook] com.zaxxer.hikari.pool.PoolBase          : HikariPool-1 - Failed to validate connection org.postgresql.jdbc.PgConnection@742893d6 (This connection has been closed.). Possibly consider using a shorter maxLifetime value.
2026-05-11T17:36:15.638-05:00  WARN 37596 --- [ionShutdownHook] com.zaxxer.hikari.pool.PoolBase          : HikariPool-1 - Failed to validate connection org.postgresql.jdbc.PgConnection@34ecac5a (This connection has been closed.). Possibly consider using a shorter maxLifetime value.
2026-05-11T17:36:15.640-05:00  WARN 37596 --- [ionShutdownHook] com.zaxxer.hikari.pool.PoolBase          : HikariPool-1 - Failed to validate connection org.postgresql.jdbc.PgConnection@1e8f9d66 (This connection has been closed.). Possibly consider using a shorter maxLifetime value.
2026-05-11T17:36:15.642-05:00  WARN 37596 --- [ionShutdownHook] com.zaxxer.hikari.pool.PoolBase          : HikariPool-1 - Failed to validate connection org.postgresql.jdbc.PgConnection@428678ed (This connection has been closed.). Possibly consider using a shorter maxLifetime value.
2026-05-11T17:36:15.644-05:00  WARN 37596 --- [ionShutdownHook] com.zaxxer.hikari.pool.PoolBase          : HikariPool-1 - Failed to validate connection org.postgresql.jdbc.PgConnection@46854329 (This connection has been closed.). Possibly consider using a shorter maxLifetime value.
2026-05-11T17:36:15.645-05:00  WARN 37596 --- [ionShutdownHook] com.zaxxer.hikari.pool.PoolBase          : HikariPool-1 - Failed to validate connection org.postgresql.jdbc.PgConnection@68f61d14 (This connection has been closed.). Possibly consider using a shorter maxLifetime value.
2026-05-11T17:36:15.646-05:00  WARN 37596 --- [ionShutdownHook] com.zaxxer.hikari.pool.PoolBase          : HikariPool-1 - Failed to validate connection org.postgresql.jdbc.PgConnection@3c4ee353 (This connection has been closed.). Possibly consider using a shorter maxLifetime value.
2026-05-11T17:36:15.647-05:00  WARN 37596 --- [ionShutdownHook] com.zaxxer.hikari.pool.PoolBase          : HikariPool-1 - Failed to validate connection org.postgresql.jdbc.PgConnection@4f9bba0e (This connection has been closed.). Possibly consider using a shorter maxLifetime value.
2026-05-11T17:36:15.648-05:00  WARN 37596 --- [ionShutdownHook] com.zaxxer.hikari.pool.PoolBase          : HikariPool-1 - Failed to validate connection org.postgresql.jdbc.PgConnection@27ea02e3 (This connection has been closed.). Possibly consider using a shorter maxLifetime value.
2026-05-11T17:36:45.639-05:00  WARN 37596 --- [ionShutdownHook] o.h.engine.jdbc.spi.SqlExceptionHelper   : SQL Error: 0, SQLState: 08001
2026-05-11T17:36:45.639-05:00 ERROR 37596 --- [ionShutdownHook] o.h.engine.jdbc.spi.SqlExceptionHelper   : HikariPool-1 - Connection is not available, request timed out after 30009ms.
2026-05-11T17:36:45.639-05:00 ERROR 37596 --- [ionShutdownHook] o.h.engine.jdbc.spi.SqlExceptionHelper   : Connection to localhost:36795 refused. Check that the hostname and port are correct and that the postmaster is accepting TCP/IP connections.
2026-05-11T17:36:45.643-05:00  WARN 37596 --- [ionShutdownHook] o.s.b.f.support.DisposableBeanAdapter    : Invocation of destroy method failed on bean with name 'entityManagerFactory': org.hibernate.exception.JDBCConnectionException: Unable to open JDBC Connection for DDL execution [HikariPool-1 - Connection is not available, request timed out after 30009ms.] [n/a]
2026-05-11T17:36:45.644-05:00  INFO 37596 --- [ionShutdownHook] com.zaxxer.hikari.HikariDataSource       : HikariPool-1 - Shutdown initiated...
2026-05-11T17:36:45.916-05:00  INFO 37596 --- [ionShutdownHook] com.zaxxer.hikari.HikariDataSource       : HikariPool-1 - Shutdown completed.
2026-05-11T17:36:45.918-05:00  INFO 37596 --- [ionShutdownHook] j.LocalContainerEntityManagerFactoryBean : Closing JPA EntityManagerFactory for persistence unit 'default'
Hibernate: drop table if exists identity_mappings cascade 

> Task :services:circleguard-form-service:checkKotlinGradlePluginConfigurationErrors
> Task :services:circleguard-form-service:compileKotlin NO-SOURCE
> Task :services:circleguard-form-service:compileJava UP-TO-DATE
> Task :services:circleguard-form-service:processResources UP-TO-DATE
> Task :services:circleguard-form-service:classes UP-TO-DATE
> Task :services:circleguard-form-service:compileTestKotlin NO-SOURCE
> Task :services:circleguard-form-service:compileTestJava
> Task :services:circleguard-form-service:processTestResources
> Task :services:circleguard-form-service:testClasses
OpenJDK 64-Bit Server VM warning: Sharing is only supported for boot loader classes because bootstrap classpath has 
been appended
2026-05-11T17:37:20.243-05:00  INFO 8760 --- [ionShutdownHook] j.LocalContainerEntityManagerFactoryBean : Closing JPA EntityManagerFactory for persistence unit 'default'
2026-05-11T17:37:20.245-05:00  INFO 8760 --- [ionShutdownHook] com.zaxxer.hikari.HikariDataSource       : HikariPool-1 - Shutdown initiated...
2026-05-11T17:37:20.246-05:00  INFO 8760 --- [ionShutdownHook] com.zaxxer.hikari.HikariDataSource       : HikariPool-1 - Shutdown completed.
> Task :services:circleguard-form-service:test
> Task :services:circleguard-promotion-service:checkKotlinGradlePluginConfigurationErrors
> Task :services:circleguard-promotion-service:compileKotlin NO-SOURCE
> Task :services:circleguard-promotion-service:compileJava UP-TO-DATE
> Task :services:circleguard-promotion-service:processResources UP-TO-DATE
> Task :services:circleguard-promotion-service:classes UP-TO-DATE
> Task :services:circleguard-promotion-service:compileTestKotlin NO-SOURCE
> Task :services:circleguard-promotion-service:compileTestJava
> Task :services:circleguard-promotion-service:processTestResources
> Task :services:circleguard-promotion-service:testClasses
OpenJDK 64-Bit Server VM warning: Sharing is only supported for boot loader classes because bootstrap classpath has 
been appended
> Task :services:circleguard-promotion-service:test

PromotionPerformanceTest > benchmarkPromotionPerformance() FAILED
    java.lang.IllegalStateException at DefaultCacheAwareContextLoaderDelegate.java:180
        Caused by: org.springframework.beans.factory.BeanCreationException at AbstractAutowireCapableBeanFactory.java:1786
            Caused by: org.flywaydb.core.internal.exception.FlywaySqlException at JdbcUtils.java:60
                Caused by: org.postgresql.util.PSQLException at ConnectionFactoryImpl.java:693

AdministrativeCorrectionTest > invalidateCircle_PreventsPropagation() FAILED
    java.lang.IllegalStateException at DefaultCacheAwareContextLoaderDelegate.java:180
        Caused by: org.springframework.beans.factory.BeanCreationException at AbstractAutowireCapableBeanFactory.java:1786
            Caused by: org.flywaydb.core.internal.exception.FlywaySqlException at JdbcUtils.java:60
                Caused by: org.postgresql.util.PSQLException at ConnectionFactoryImpl.java:693

AdministrativeCorrectionTest > forceFence_PromotesAllMembers() FAILED
    java.lang.IllegalStateException at DefaultCacheAwareContextLoaderDelegate.java:145

HealthStatusReevaluationTest > testBlockedRelease() FAILED
    java.lang.IllegalStateException at DefaultCacheAwareContextLoaderDelegate.java:180
        Caused by: org.springframework.beans.factory.BeanCreationException at AbstractAutowireCapableBeanFactory.java:1786
            Caused by: org.flywaydb.core.internal.exception.FlywaySqlException at JdbcUtils.java:60
                Caused by: org.postgresql.util.PSQLException at ConnectionFactoryImpl.java:693

HealthStatusReevaluationTest > testPartialReleaseInMesh() FAILED
    java.lang.IllegalStateException at DefaultCacheAwareContextLoaderDelegate.java:145

HealthStatusReevaluationTest > testMultiHopRelease() FAILED
    java.lang.IllegalStateException at DefaultCacheAwareContextLoaderDelegate.java:145

HealthStatusReevaluationTest > testSingleRelease() FAILED
    java.lang.IllegalStateException at DefaultCacheAwareContextLoaderDelegate.java:145

2026-05-11T17:39:41.079-05:00  INFO 7560 --- [circleguard-promotion-service] [ntainer#0-0-C-1] o.a.k.c.c.internals.ConsumerCoordinator  : [Consumer clientId=consumer-promotion-service-group-3, groupId=promotion-service-group] Resetting generation and member id due to: consumer pro-actively leaving the group
2026-05-11T17:39:41.080-05:00  INFO 7560 --- [circleguard-promotion-service] [ntainer#0-0-C-1] o.a.k.c.c.internals.ConsumerCoordinator  : [Consumer clientId=consumer-promotion-service-group-3, groupId=promotion-service-group] Request joining group due to: consumer pro-actively leaving the group
2026-05-11T17:39:41.080-05:00  INFO 7560 --- [circleguard-promotion-service] [ntainer#0-0-C-1] fkaConsumerFactory$ExtendedKafkaConsumer : [Consumer clientId=consumer-promotion-service-group-3, groupId=promotion-service-group] Unsubscribed all topics or patterns and assigned partitions
2026-05-11T17:39:41.080-05:00  INFO 7560 --- [circleguard-promotion-service] [ntainer#1-0-C-1] o.a.k.c.c.internals.ConsumerCoordinator  : [Consumer clientId=consumer-promotion-service-group-4, groupId=promotion-service-group] Resetting generation and member id due to: consumer pro-actively leaving the group
2026-05-11T17:39:41.080-05:00  INFO 7560 --- [circleguard-promotion-service] [ntainer#1-0-C-1] o.a.k.c.c.internals.ConsumerCoordinator  : [Consumer clientId=consumer-promotion-service-group-4, groupId=promotion-service-group] Request joining group due to: consumer pro-actively leaving the group
2026-05-11T17:39:41.080-05:00  INFO 7560 --- [circleguard-promotion-service] [ntainer#1-0-C-1] fkaConsumerFactory$ExtendedKafkaConsumer : [Consumer clientId=consumer-promotion-service-group-4, groupId=promotion-service-group] Unsubscribed all topics or patterns and assigned partitions
2026-05-11T17:39:41.080-05:00  INFO 7560 --- [circleguard-promotion-service] [ntainer#0-0-C-1] o.a.k.c.c.internals.ConsumerCoordinator  : [Consumer clientId=consumer-promotion-service-group-3, groupId=promotion-service-group] Resetting generation and member id due to: consumer pro-actively leaving the group
2026-05-11T17:39:41.080-05:00  INFO 7560 --- [circleguard-promotion-service] [ntainer#0-0-C-1] o.a.k.c.c.internals.ConsumerCoordinator  : [Consumer clientId=consumer-promotion-service-group-3, groupId=promotion-service-group] Request joining group due to: consumer pro-actively leaving the group
2026-05-11T17:39:41.080-05:00  INFO 7560 --- [circleguard-promotion-service] [ntainer#1-0-C-1] o.a.k.c.c.internals.ConsumerCoordinator  : [Consumer clientId=consumer-promotion-service-group-4, groupId=promotion-service-group] Resetting generation and member id due to: consumer pro-actively leaving the group
2026-05-11T17:39:41.080-05:00  INFO 7560 --- [circleguard-promotion-service] [ntainer#0-0-C-1] o.apache.kafka.common.metrics.Metrics    : Metrics scheduler closed
2026-05-11T17:39:41.080-05:00  INFO 7560 --- [circleguard-promotion-service] [ntainer#0-0-C-1] o.apache.kafka.common.metrics.Metrics    : Closing reporter org.apache.kafka.common.metrics.JmxReporter
2026-05-11T17:39:41.080-05:00  INFO 7560 --- [circleguard-promotion-service] [ntainer#1-0-C-1] o.a.k.c.c.internals.ConsumerCoordinator  : [Consumer clientId=consumer-promotion-service-group-4, groupId=promotion-service-group] Request joining group due to: consumer pro-actively leaving the group
2026-05-11T17:39:41.080-05:00  INFO 7560 --- [circleguard-promotion-service] [ntainer#0-0-C-1] o.apache.kafka.common.metrics.Metrics    : Metrics reporters closed
2026-05-11T17:39:41.080-05:00  INFO 7560 --- [circleguard-promotion-service] [ntainer#1-0-C-1] o.apache.kafka.common.metrics.Metrics    : Metrics scheduler closed
2026-05-11T17:39:41.080-05:00  INFO 7560 --- [circleguard-promotion-service] [ntainer#1-0-C-1] o.apache.kafka.common.metrics.Metrics    : Closing reporter org.apache.kafka.common.metrics.JmxReporter
2026-05-11T17:39:41.080-05:00  INFO 7560 --- [circleguard-promotion-service] [ntainer#1-0-C-1] o.apache.kafka.common.metrics.Metrics    : Metrics reporters closed
2026-05-11T17:39:41.081-05:00  INFO 7560 --- [circleguard-promotion-service] [ntainer#0-0-C-1] o.a.kafka.common.utils.AppInfoParser     : App info kafka.consumer for consumer-promotion-service-group-3 unregistered
2026-05-11T17:39:41.081-05:00  INFO 7560 --- [circleguard-promotion-service] [ntainer#0-0-C-1] o.s.k.l.KafkaMessageListenerContainer    : promotion-service-group: Consumer stopped
2026-05-11T17:39:41.081-05:00  INFO 7560 --- [circleguard-promotion-service] [ntainer#1-0-C-1] o.a.kafka.common.utils.AppInfoParser     : App info kafka.consumer for consumer-promotion-service-group-4 unregistered
2026-05-11T17:39:41.082-05:00  INFO 7560 --- [circleguard-promotion-service] [ntainer#1-0-C-1] o.s.k.l.KafkaMessageListenerContainer    : promotion-service-group: Consumer stopped
2026-05-11T17:39:41.082-05:00  INFO 7560 --- [circleguard-promotion-service] [ionShutdownHook] o.neo4j.driver.internal.InternalDriver   : Closing driver instance 593597599
2026-05-11T17:39:41.093-05:00  INFO 7560 --- [circleguard-promotion-service] [ntainer#0-0-C-1] org.apache.kafka.clients.NetworkClient   : [Consumer clientId=consumer-promotion-service-group-5, groupId=promotion-service-group] Node -1 disconnected.
2026-05-11T17:39:41.093-05:00  INFO 7560 --- [circleguard-promotion-service] [ntainer#1-0-C-1] org.apache.kafka.clients.NetworkClient   : [Consumer clientId=consumer-promotion-service-group-6, groupId=promotion-service-group] Node -1 disconnected.
2026-05-11T17:39:41.093-05:00  WARN 7560 --- [circleguard-promotion-service] [ntainer#1-0-C-1] org.apache.kafka.clients.NetworkClient   : [Consumer clientId=consumer-promotion-service-group-6, groupId=promotion-service-group] Connection to node -1 (localhost/127.0.0.1:63613) could not be established. Broker may not be available.
2026-05-11T17:39:41.093-05:00  WARN 7560 --- [circleguard-promotion-service] [ntainer#0-0-C-1] org.apache.kafka.clients.NetworkClient   : [Consumer clientId=consumer-promotion-service-group-5, groupId=promotion-service-group] Connection to node -1 (localhost/127.0.0.1:63613) could not be established. Broker may not be available.
2026-05-11T17:39:41.093-05:00  WARN 7560 --- [circleguard-promotion-service] [ntainer#1-0-C-1] org.apache.kafka.clients.NetworkClient   : [Consumer clientId=consumer-promotion-service-group-6, groupId=promotion-service-group] Bootstrap broker localhost:63613 (id: -1 rack: null) disconnected
2026-05-11T17:39:41.093-05:00  WARN 7560 --- [circleguard-promotion-service] [ntainer#0-0-C-1] org.apache.kafka.clients.NetworkClient   : [Consumer clientId=consumer-promotion-service-group-5, groupId=promotion-service-group] Bootstrap broker localhost:63613 (id: -1 rack: null) disconnected
2026-05-11T17:39:41.200-05:00  INFO 7560 --- [circleguard-promotion-service] [ntainer#0-0-C-1] org.apache.kafka.clients.NetworkClient   : [Consumer clientId=consumer-promotion-service-group-5, groupId=promotion-service-group] Node -1 disconnected.
2026-05-11T17:39:41.200-05:00  WARN 7560 --- [circleguard-promotion-service] [ntainer#0-0-C-1] org.apache.kafka.clients.NetworkClient   : [Consumer clientId=consumer-promotion-service-group-5, groupId=promotion-service-group] Connection to node -1 (localhost/127.0.0.1:63613) could not be established. Broker may not be available.
2026-05-11T17:39:41.200-05:00  WARN 7560 --- [circleguard-promotion-service] [ntainer#0-0-C-1] org.apache.kafka.clients.NetworkClient   : [Consumer clientId=consumer-promotion-service-group-5, groupId=promotion-service-group] Bootstrap broker localhost:63613 (id: -1 rack: null) disconnected
2026-05-11T17:39:41.263-05:00  INFO 7560 --- [circleguard-promotion-service] [ntainer#1-0-C-1] org.apache.kafka.clients.NetworkClient   : [Consumer clientId=consumer-promotion-service-group-6, groupId=promotion-service-group] Node -1 disconnected.
2026-05-11T17:39:41.263-05:00  WARN 7560 --- [circleguard-promotion-service] [ntainer#1-0-C-1] org.apache.kafka.clients.NetworkClient   : [Consumer clientId=consumer-promotion-service-group-6, groupId=promotion-service-group] Connection to node -1 (localhost/127.0.0.1:63613) could not be established. Broker may not be available.
2026-05-11T17:39:41.263-05:00  WARN 7560 --- [circleguard-promotion-service] [ntainer#1-0-C-1] org.apache.kafka.clients.NetworkClient   : [Consumer clientId=consumer-promotion-service-group-6, groupId=promotion-service-group] Bootstrap broker localhost:63613 (id: -1 rack: null) disconnected
2026-05-11T17:39:41.314-05:00  INFO 7560 --- [circleguard-promotion-service] [ionShutdownHook] j.LocalContainerEntityManagerFactoryBean : Closing JPA EntityManagerFactory for persistence unit 'default'
2026-05-11T17:39:41.316-05:00  INFO 7560 --- [circleguard-promotion-service] [ntainer#0-0-C-1] o.a.k.c.c.internals.ConsumerCoordinator  : [Consumer clientId=consumer-promotion-service-group-5, groupId=promotion-service-group] Resetting generation and member id due to: consumer pro-actively leaving the group
2026-05-11T17:39:41.316-05:00  INFO 7560 --- [circleguard-promotion-service] [ntainer#0-0-C-1] o.a.k.c.c.internals.ConsumerCoordinator  : [Consumer clientId=consumer-promotion-service-group-5, groupId=promotion-service-group] Request joining group due to: consumer pro-actively leaving the group
2026-05-11T17:39:41.316-05:00  INFO 7560 --- [circleguard-promotion-service] [ntainer#0-0-C-1] fkaConsumerFactory$ExtendedKafkaConsumer : [Consumer clientId=consumer-promotion-service-group-5, groupId=promotion-service-group] Unsubscribed all topics or patterns and assigned partitions
2026-05-11T17:39:41.317-05:00  INFO 7560 --- [circleguard-promotion-service] [ntainer#0-0-C-1] o.a.k.c.c.internals.ConsumerCoordinator  : [Consumer clientId=consumer-promotion-service-group-5, groupId=promotion-service-group] Resetting generation and member id due to: consumer pro-actively leaving the group
2026-05-11T17:39:41.317-05:00  INFO 7560 --- [circleguard-promotion-service] [ntainer#1-0-C-1] o.a.k.c.c.internals.ConsumerCoordinator  : [Consumer clientId=consumer-promotion-service-group-6, groupId=promotion-service-group] Resetting generation and member id due to: consumer pro-actively leaving the group
2026-05-11T17:39:41.317-05:00  INFO 7560 --- [circleguard-promotion-service] [ntainer#0-0-C-1] o.a.k.c.c.internals.ConsumerCoordinator  : [Consumer clientId=consumer-promotion-service-group-5, groupId=promotion-service-group] Request joining group due to: consumer pro-actively leaving the group
2026-05-11T17:39:41.317-05:00  INFO 7560 --- [circleguard-promotion-service] [ntainer#1-0-C-1] o.a.k.c.c.internals.ConsumerCoordinator  : [Consumer clientId=consumer-promotion-service-group-6, groupId=promotion-service-group] Request joining group due to: consumer pro-actively leaving the group
2026-05-11T17:39:41.317-05:00  INFO 7560 --- [circleguard-promotion-service] [ntainer#1-0-C-1] fkaConsumerFactory$ExtendedKafkaConsumer : [Consumer clientId=consumer-promotion-service-group-6, groupId=promotion-service-group] Unsubscribed all topics or patterns and assigned partitions
2026-05-11T17:39:41.317-05:00  INFO 7560 --- [circleguard-promotion-service] [ntainer#1-0-C-1] o.a.k.c.c.internals.ConsumerCoordinator  : [Consumer clientId=consumer-promotion-service-group-6, groupId=promotion-service-group] Resetting generation and member id due to: consumer pro-actively leaving the group
2026-05-11T17:39:41.317-05:00  INFO 7560 --- [circleguard-promotion-service] [ntainer#1-0-C-1] o.a.k.c.c.internals.ConsumerCoordinator  : [Consumer clientId=consumer-promotion-service-group-6, groupId=promotion-service-group] Request joining group due to: consumer pro-actively leaving the group
2026-05-11T17:39:41.317-05:00  INFO 7560 --- [circleguard-promotion-service] [ntainer#0-0-C-1] o.apache.kafka.common.metrics.Metrics    : Metrics scheduler closed
2026-05-11T17:39:41.317-05:00  INFO 7560 --- [circleguard-promotion-service] [ntainer#0-0-C-1] o.apache.kafka.common.metrics.Metrics    : Closing reporter org.apache.kafka.common.metrics.JmxReporter
2026-05-11T17:39:41.317-05:00  INFO 7560 --- [circleguard-promotion-service] [ntainer#1-0-C-1] o.apache.kafka.common.metrics.Metrics    : Metrics scheduler closed
2026-05-11T17:39:41.317-05:00  INFO 7560 --- [circleguard-promotion-service] [ntainer#0-0-C-1] o.apache.kafka.common.metrics.Metrics    : Metrics reporters closed
2026-05-11T17:39:41.317-05:00  INFO 7560 --- [circleguard-promotion-service] [ntainer#1-0-C-1] o.apache.kafka.common.metrics.Metrics    : Closing reporter org.apache.kafka.common.metrics.JmxReporter
2026-05-11T17:39:41.317-05:00  INFO 7560 --- [circleguard-promotion-service] [ntainer#1-0-C-1] o.apache.kafka.common.metrics.Metrics    : Metrics reporters closed
2026-05-11T17:39:41.320-05:00  INFO 7560 --- [circleguard-promotion-service] [ntainer#1-0-C-1] o.a.kafka.common.utils.AppInfoParser     : App info kafka.consumer for consumer-promotion-service-group-6 unregistered
2026-05-11T17:39:41.320-05:00  INFO 7560 --- [circleguard-promotion-service] [ntainer#1-0-C-1] o.s.k.l.KafkaMessageListenerContainer    : promotion-service-group: Consumer stopped
2026-05-11T17:39:41.320-05:00  INFO 7560 --- [circleguard-promotion-service] [ntainer#0-0-C-1] o.a.kafka.common.utils.AppInfoParser     : App info kafka.consumer for consumer-promotion-service-group-5 unregistered
2026-05-11T17:39:41.320-05:00  INFO 7560 --- [circleguard-promotion-service] [ntainer#0-0-C-1] o.s.k.l.KafkaMessageListenerContainer    : promotion-service-group: Consumer stopped
2026-05-11T17:39:41.321-05:00  INFO 7560 --- [circleguard-promotion-service] [ionShutdownHook] o.neo4j.driver.internal.InternalDriver   : Closing driver instance 911106960
2026-05-11T17:39:41.550-05:00  INFO 7560 --- [circleguard-promotion-service] [ionShutdownHook] j.LocalContainerEntityManagerFactoryBean : Closing JPA EntityManagerFactory for persistence unit 'default'

> Task :services:circleguard-promotion-service:test FAILED

25 tests completed, 7 failed

[Incubating] Problems report is available at: file:///C:/Users/crist/OneDrive/Desktop/circle-guard-public/build/reports/problems/problems-report.html

FAILURE: Build failed with an exception.

* What went wrong:
Execution failed for task ':services:circleguard-promotion-service:test'.
> There were failing tests. See the report at: file:///C:/Users/crist/OneDrive/Desktop/circle-guard-public/services/cir
cleguard-promotion-service/build/reports/tests/test/index.html

* Try:
> Run with --scan to get full insights.

Deprecated Gradle features were used in this build, making it incompatible with Gradle 9.0.

You can use '--warning-mode all' to show the individual deprecation warnings and determine if they come from your own scripts or plugins.

For more on this, please refer to https://docs.gradle.org/8.14/userguide/command_line_interface.html#sec:command_line_warnings in the Gradle documentation.

BUILD FAILED in 5m 37s
24 actionable tasks: 16 executed, 8 up-to-date
